Archive member included because of file (symbol)

..\..\..\STM32F4-Discovery\libpdmfilter_gcc.a(pdm_filter.o)
                              ..\obj\waverecorder2.o (PDM_Filter_Init)
c:/program files (x86)/gnu tools arm embedded/4.8 2013q4/bin/../lib/gcc/arm-none-eabi/4.8.3/armv7e-m\libgcc.a(_arm_addsubdf3.o)
                              ..\..\..\STM32F4-Discovery\libpdmfilter_gcc.a(pdm_filter.o) (__aeabi_dadd)
c:/program files (x86)/gnu tools arm embedded/4.8 2013q4/bin/../lib/gcc/arm-none-eabi/4.8.3/armv7e-m\libgcc.a(_arm_muldivdf3.o)
                              ..\..\..\STM32F4-Discovery\libpdmfilter_gcc.a(pdm_filter.o) (__aeabi_dmul)
c:/program files (x86)/gnu tools arm embedded/4.8 2013q4/bin/../lib/gcc/arm-none-eabi/4.8.3/armv7e-m\libgcc.a(_arm_fixunsdfsi.o)
                              ..\..\..\STM32F4-Discovery\libpdmfilter_gcc.a(pdm_filter.o) (__aeabi_d2uiz)
c:/program files (x86)/gnu tools arm embedded/4.8 2013q4/bin/../lib/gcc/arm-none-eabi/4.8.3/armv7e-m\libgcc.a(_arm_muldivsf3.o)
                              ..\..\..\STM32F4-Discovery\libpdmfilter_gcc.a(pdm_filter.o) (__aeabi_fmul)
c:/program files (x86)/gnu tools arm embedded/4.8 2013q4/bin/../lib/gcc/arm-none-eabi/4.8.3/armv7e-m\libgcc.a(_arm_cmpsf2.o)
                              ..\..\..\STM32F4-Discovery\libpdmfilter_gcc.a(pdm_filter.o) (__aeabi_fcmpeq)

Allocating common symbols
Common symbol       size              file

CurrentPos          0x4               ..\obj\stm32f4_discovery_audio_codec.o
bytesWritten        0x2               ..\obj\waverecorder2.o
Time_Rec_Base       0x2               ..\obj\waverecorder2.o
writebuffer         0x4               ..\obj\waverecorder2.o
pAudioRecBuf        0x4               ..\obj\waverecorder2.o
LED_Toggle          0x1               ..\obj\waverecorder2.o
RecBuf1             0x20              ..\obj\waverecorder2.o
RecBuf              0x20              ..\obj\waverecorder2.o
Filter              0x34              ..\obj\waverecorder2.o
RecBufHeader        0x200             ..\obj\waverecorder2.o
AUDIO_MAL_DMA_InitStructure
                    0x3c              ..\obj\stm32f4_discovery_audio_codec.o
WaveCounter         0x4               ..\obj\waverecorder2.o
Command_index       0x1               ..\obj\waverecorder2.o
NVIC_InitStructure  0x4               ..\obj\stm32f4_discovery.o
DMA_InitStructure   0x3c              ..\obj\stm32f4_discovery_audio_codec.o

Discarded input sections

 .text          0x00000000        0x0 ..\obj\stm32f4xx_syscfg.o
 .data          0x00000000        0x0 ..\obj\stm32f4xx_syscfg.o
 .bss           0x00000000        0x0 ..\obj\stm32f4xx_syscfg.o
 .text.SYSCFG_DeInit
                0x00000000       0x1c ..\obj\stm32f4xx_syscfg.o
 .text.SYSCFG_MemoryRemapConfig
                0x00000000       0x20 ..\obj\stm32f4xx_syscfg.o
 .text.SYSCFG_EXTILineConfig
                0x00000000       0x7c ..\obj\stm32f4xx_syscfg.o
 .text.SYSCFG_ETH_MediaInterfaceConfig
                0x00000000       0x1c ..\obj\stm32f4xx_syscfg.o
 .text.SYSCFG_CompensationCellCmd
                0x00000000       0x20 ..\obj\stm32f4xx_syscfg.o
 .text.SYSCFG_GetCompensationCellStatus
                0x00000000       0x34 ..\obj\stm32f4xx_syscfg.o
 .debug_info    0x00000000      0x24b ..\obj\stm32f4xx_syscfg.o
 .debug_abbrev  0x00000000      0x131 ..\obj\stm32f4xx_syscfg.o
 .debug_aranges
                0x00000000       0x48 ..\obj\stm32f4xx_syscfg.o
 .debug_ranges  0x00000000       0x38 ..\obj\stm32f4xx_syscfg.o
 .debug_line    0x00000000      0x1b2 ..\obj\stm32f4xx_syscfg.o
 .debug_str     0x00000000      0x2d2 ..\obj\stm32f4xx_syscfg.o
 .comment       0x00000000       0x71 ..\obj\stm32f4xx_syscfg.o
 .ARM.attributes
                0x00000000       0x33 ..\obj\stm32f4xx_syscfg.o
 .debug_frame   0x00000000       0xbc ..\obj\stm32f4xx_syscfg.o
 .text          0x00000000        0x0 ..\obj\stm32f4xx_sdio.o
 .data          0x00000000        0x0 ..\obj\stm32f4xx_sdio.o
 .bss           0x00000000        0x0 ..\obj\stm32f4xx_sdio.o
 .text.SDIO_DeInit
                0x00000000       0x1c ..\obj\stm32f4xx_sdio.o
 .text.SDIO_Init
                0x00000000       0x5c ..\obj\stm32f4xx_sdio.o
 .text.SDIO_StructInit
                0x00000000       0x38 ..\obj\stm32f4xx_sdio.o
 .text.SDIO_ClockCmd
                0x00000000       0x20 ..\obj\stm32f4xx_sdio.o
 .text.SDIO_SetPowerState
                0x00000000       0x1c ..\obj\stm32f4xx_sdio.o
 .text.SDIO_GetPowerState
                0x00000000       0x1c ..\obj\stm32f4xx_sdio.o
 .text.SDIO_SendCommand
                0x00000000       0x58 ..\obj\stm32f4xx_sdio.o
 .text.SDIO_CmdStructInit
                0x00000000       0x30 ..\obj\stm32f4xx_sdio.o
 .text.SDIO_GetCommandResponse
                0x00000000       0x18 ..\obj\stm32f4xx_sdio.o
 .text.SDIO_GetResponse
                0x00000000       0x28 ..\obj\stm32f4xx_sdio.o
 .text.SDIO_DataConfig
                0x00000000       0x5c ..\obj\stm32f4xx_sdio.o
 .text.SDIO_DataStructInit
                0x00000000       0x38 ..\obj\stm32f4xx_sdio.o
 .text.SDIO_GetDataCounter
                0x00000000       0x18 ..\obj\stm32f4xx_sdio.o
 .text.SDIO_ReadData
                0x00000000       0x18 ..\obj\stm32f4xx_sdio.o
 .text.SDIO_WriteData
                0x00000000       0x20 ..\obj\stm32f4xx_sdio.o
 .text.SDIO_GetFIFOCount
                0x00000000       0x18 ..\obj\stm32f4xx_sdio.o
 .text.SDIO_StartSDIOReadWait
                0x00000000       0x20 ..\obj\stm32f4xx_sdio.o
 .text.SDIO_StopSDIOReadWait
                0x00000000       0x20 ..\obj\stm32f4xx_sdio.o
 .text.SDIO_SetSDIOReadWaitMode
                0x00000000       0x1c ..\obj\stm32f4xx_sdio.o
 .text.SDIO_SetSDIOOperation
                0x00000000       0x20 ..\obj\stm32f4xx_sdio.o
 .text.SDIO_SendSDIOSuspendCmd
                0x00000000       0x20 ..\obj\stm32f4xx_sdio.o
 .text.SDIO_CommandCompletionCmd
                0x00000000       0x20 ..\obj\stm32f4xx_sdio.o
 .text.SDIO_CEATAITCmd
                0x00000000       0x2c ..\obj\stm32f4xx_sdio.o
 .text.SDIO_SendCEATACmd
                0x00000000       0x20 ..\obj\stm32f4xx_sdio.o
 .text.SDIO_DMACmd
                0x00000000       0x20 ..\obj\stm32f4xx_sdio.o
 .text.SDIO_ITConfig
                0x00000000       0x3c ..\obj\stm32f4xx_sdio.o
 .text.SDIO_GetFlagStatus
                0x00000000       0x34 ..\obj\stm32f4xx_sdio.o
 .text.SDIO_ClearFlag
                0x00000000       0x1c ..\obj\stm32f4xx_sdio.o
 .text.SDIO_GetITStatus
                0x00000000       0x34 ..\obj\stm32f4xx_sdio.o
 .text.SDIO_ClearITPendingBit
                0x00000000       0x1c ..\obj\stm32f4xx_sdio.o
 .debug_info    0x00000000      0x7d4 ..\obj\stm32f4xx_sdio.o
 .debug_abbrev  0x00000000      0x177 ..\obj\stm32f4xx_sdio.o
 .debug_aranges
                0x00000000      0x108 ..\obj\stm32f4xx_sdio.o
 .debug_ranges  0x00000000       0xf8 ..\obj\stm32f4xx_sdio.o
 .debug_line    0x00000000      0x3dc ..\obj\stm32f4xx_sdio.o
 .debug_str     0x00000000      0x61e ..\obj\stm32f4xx_sdio.o
 .comment       0x00000000       0x71 ..\obj\stm32f4xx_sdio.o
 .ARM.attributes
                0x00000000       0x33 ..\obj\stm32f4xx_sdio.o
 .debug_frame   0x00000000      0x344 ..\obj\stm32f4xx_sdio.o
 .text          0x00000000        0x0 ..\obj\stm32f4_discovery_audio_codec.o
 .bss           0x00000000        0x8 ..\obj\stm32f4_discovery_audio_codec.o
 .text.EVAL_AUDIO_SetAudioInterface
                0x00000000      0x100 ..\obj\stm32f4_discovery_audio_codec.o
 .text.EVAL_AUDIO_Init
                0x00000000       0x58 ..\obj\stm32f4_discovery_audio_codec.o
 .text.EVAL_AUDIO_DeInit
                0x00000000       0x14 ..\obj\stm32f4_discovery_audio_codec.o
 .text.EVAL_AUDIO_Play
                0x00000000       0x78 ..\obj\stm32f4_discovery_audio_codec.o
 .text.EVAL_AUDIO_PauseResume
                0x00000000       0x2c ..\obj\stm32f4_discovery_audio_codec.o
 .text.EVAL_AUDIO_Stop
                0x00000000       0x38 ..\obj\stm32f4_discovery_audio_codec.o
 .text.EVAL_AUDIO_VolumeCtl
                0x00000000       0x40 ..\obj\stm32f4_discovery_audio_codec.o
 .text.EVAL_AUDIO_Mute
                0x00000000       0x18 ..\obj\stm32f4_discovery_audio_codec.o
 .text.Codec_Init
                0x00000000      0x158 ..\obj\stm32f4_discovery_audio_codec.o
 .text.Codec_DeInit
                0x00000000       0x34 ..\obj\stm32f4_discovery_audio_codec.o
 .text.Codec_Play
                0x00000000       0x10 ..\obj\stm32f4_discovery_audio_codec.o
 .text.Codec_PauseResume
                0x00000000       0x74 ..\obj\stm32f4_discovery_audio_codec.o
 .text.Codec_Stop
                0x00000000       0x5c ..\obj\stm32f4_discovery_audio_codec.o
 .text.Codec_VolumeCtrl
                0x00000000       0x78 ..\obj\stm32f4_discovery_audio_codec.o
 .text.Codec_Mute
                0x00000000       0x48 ..\obj\stm32f4_discovery_audio_codec.o
 .text.Codec_Reset
                0x00000000       0x28 ..\obj\stm32f4_discovery_audio_codec.o
 .text.Codec_WriteRegister
                0x00000000      0x160 ..\obj\stm32f4_discovery_audio_codec.o
 .text.Codec_ReadRegister
                0x00000000      0x208 ..\obj\stm32f4_discovery_audio_codec.o
 .text.Codec_CtrlInterface_Init
                0x00000000       0x54 ..\obj\stm32f4_discovery_audio_codec.o
 .text.Codec_CtrlInterface_DeInit
                0x00000000        0xc ..\obj\stm32f4_discovery_audio_codec.o
 .text.Codec_AudioInterface_Init
                0x00000000       0x80 ..\obj\stm32f4_discovery_audio_codec.o
 .text.Codec_AudioInterface_DeInit
                0x00000000       0x24 ..\obj\stm32f4_discovery_audio_codec.o
 .text.Codec_GPIO_Init
                0x00000000      0x120 ..\obj\stm32f4_discovery_audio_codec.o
 .text.Codec_GPIO_DeInit
                0x00000000       0x78 ..\obj\stm32f4_discovery_audio_codec.o
 .text.Delay    0x00000000       0x20 ..\obj\stm32f4_discovery_audio_codec.o
 .text.Audio_MAL_Init
                0x00000000      0x130 ..\obj\stm32f4_discovery_audio_codec.o
 .text.Audio_MAL_DeInit
                0x00000000       0x48 ..\obj\stm32f4_discovery_audio_codec.o
 .text.Audio_MAL_Play
                0x00000000       0x8c ..\obj\stm32f4_discovery_audio_codec.o
 .text.Audio_MAL_PauseResume
                0x00000000       0x64 ..\obj\stm32f4_discovery_audio_codec.o
 .text.Audio_MAL_Stop
                0x00000000       0x54 ..\obj\stm32f4_discovery_audio_codec.o
 .text.DAC_Config
                0x00000000       0x5c ..\obj\stm32f4_discovery_audio_codec.o
 .text          0x00000000        0x0 ..\obj\stm32f4xx_usart.o
 .data          0x00000000        0x0 ..\obj\stm32f4xx_usart.o
 .bss           0x00000000        0x0 ..\obj\stm32f4xx_usart.o
 .text.USART_DeInit
                0x00000000       0xd0 ..\obj\stm32f4xx_usart.o
 .text.USART_Init
                0x00000000      0x174 ..\obj\stm32f4xx_usart.o
 .text.USART_StructInit
                0x00000000       0x38 ..\obj\stm32f4xx_usart.o
 .text.USART_ClockInit
                0x00000000       0x54 ..\obj\stm32f4xx_usart.o
 .text.USART_ClockStructInit
                0x00000000       0x2c ..\obj\stm32f4xx_usart.o
 .text.USART_Cmd
                0x00000000       0x40 ..\obj\stm32f4xx_usart.o
 .text.USART_SetPrescaler
                0x00000000       0x38 ..\obj\stm32f4xx_usart.o
 .text.USART_OverSampling8Cmd
                0x00000000       0x44 ..\obj\stm32f4xx_usart.o
 .text.USART_OneBitMethodCmd
                0x00000000       0x40 ..\obj\stm32f4xx_usart.o
 .text.USART_SendData
                0x00000000       0x24 ..\obj\stm32f4xx_usart.o
 .text.USART_ReceiveData
                0x00000000       0x20 ..\obj\stm32f4xx_usart.o
 .text.USART_SetAddress
                0x00000000       0x38 ..\obj\stm32f4xx_usart.o
 .text.USART_ReceiverWakeUpCmd
                0x00000000       0x40 ..\obj\stm32f4xx_usart.o
 .text.USART_WakeUpConfig
                0x00000000       0x38 ..\obj\stm32f4xx_usart.o
 .text.USART_LINBreakDetectLengthConfig
                0x00000000       0x38 ..\obj\stm32f4xx_usart.o
 .text.USART_LINCmd
                0x00000000       0x40 ..\obj\stm32f4xx_usart.o
 .text.USART_SendBreak
                0x00000000       0x24 ..\obj\stm32f4xx_usart.o
 .text.USART_HalfDuplexCmd
                0x00000000       0x40 ..\obj\stm32f4xx_usart.o
 .text.USART_SetGuardTime
                0x00000000       0x3c ..\obj\stm32f4xx_usart.o
 .text.USART_SmartCardCmd
                0x00000000       0x40 ..\obj\stm32f4xx_usart.o
 .text.USART_SmartCardNACKCmd
                0x00000000       0x40 ..\obj\stm32f4xx_usart.o
 .text.USART_IrDAConfig
                0x00000000       0x38 ..\obj\stm32f4xx_usart.o
 .text.USART_IrDACmd
                0x00000000       0x40 ..\obj\stm32f4xx_usart.o
 .text.USART_DMACmd
                0x00000000       0x48 ..\obj\stm32f4xx_usart.o
 .text.USART_ITConfig
                0x00000000       0x90 ..\obj\stm32f4xx_usart.o
 .text.USART_GetFlagStatus
                0x00000000       0x38 ..\obj\stm32f4xx_usart.o
 .text.USART_ClearFlag
                0x00000000       0x20 ..\obj\stm32f4xx_usart.o
 .text.USART_GetITStatus
                0x00000000       0xb0 ..\obj\stm32f4xx_usart.o
 .text.USART_ClearITPendingBit
                0x00000000       0x38 ..\obj\stm32f4xx_usart.o
 .debug_info    0x00000000      0x996 ..\obj\stm32f4xx_usart.o
 .debug_abbrev  0x00000000      0x155 ..\obj\stm32f4xx_usart.o
 .debug_aranges
                0x00000000      0x100 ..\obj\stm32f4xx_usart.o
 .debug_ranges  0x00000000       0xf0 ..\obj\stm32f4xx_usart.o
 .debug_line    0x00000000      0x43a ..\obj\stm32f4xx_usart.o
 .debug_str     0x00000000      0x662 ..\obj\stm32f4xx_usart.o
 .comment       0x00000000       0x71 ..\obj\stm32f4xx_usart.o
 .ARM.attributes
                0x00000000       0x33 ..\obj\stm32f4xx_usart.o
 .debug_frame   0x00000000      0x344 ..\obj\stm32f4xx_usart.o
 .text          0x00000000        0x0 ..\obj\stm32f4xx_pwr.o
 .data          0x00000000        0x0 ..\obj\stm32f4xx_pwr.o
 .bss           0x00000000        0x0 ..\obj\stm32f4xx_pwr.o
 .text.PWR_DeInit
                0x00000000       0x1c ..\obj\stm32f4xx_pwr.o
 .text.PWR_BackupAccessCmd
                0x00000000       0x20 ..\obj\stm32f4xx_pwr.o
 .text.PWR_PVDLevelConfig
                0x00000000       0x38 ..\obj\stm32f4xx_pwr.o
 .text.PWR_PVDCmd
                0x00000000       0x20 ..\obj\stm32f4xx_pwr.o
 .text.PWR_WakeUpPinCmd
                0x00000000       0x20 ..\obj\stm32f4xx_pwr.o
 .text.PWR_BackupRegulatorCmd
                0x00000000       0x20 ..\obj\stm32f4xx_pwr.o
 .text.PWR_MainRegulatorModeConfig
                0x00000000       0x38 ..\obj\stm32f4xx_pwr.o
 .text.PWR_FlashPowerDownCmd
                0x00000000       0x20 ..\obj\stm32f4xx_pwr.o
 .text.PWR_EnterSTOPMode
                0x00000000       0x64 ..\obj\stm32f4xx_pwr.o
 .text.PWR_EnterSTANDBYMode
                0x00000000       0x3c ..\obj\stm32f4xx_pwr.o
 .text.PWR_GetFlagStatus
                0x00000000       0x34 ..\obj\stm32f4xx_pwr.o
 .text.PWR_ClearFlag
                0x00000000       0x24 ..\obj\stm32f4xx_pwr.o
 .debug_info    0x00000000      0x4d0 ..\obj\stm32f4xx_pwr.o
 .debug_abbrev  0x00000000      0x17f ..\obj\stm32f4xx_pwr.o
 .debug_aranges
                0x00000000       0x78 ..\obj\stm32f4xx_pwr.o
 .debug_ranges  0x00000000       0x68 ..\obj\stm32f4xx_pwr.o
 .debug_line    0x00000000      0x250 ..\obj\stm32f4xx_pwr.o
 .debug_str     0x00000000      0x364 ..\obj\stm32f4xx_pwr.o
 .comment       0x00000000       0x71 ..\obj\stm32f4xx_pwr.o
 .ARM.attributes
                0x00000000       0x33 ..\obj\stm32f4xx_pwr.o
 .debug_frame   0x00000000      0x15c ..\obj\stm32f4xx_pwr.o
 .text          0x00000000        0x0 ..\obj\stm32f4xx_dac.o
 .data          0x00000000        0x0 ..\obj\stm32f4xx_dac.o
 .bss           0x00000000        0x0 ..\obj\stm32f4xx_dac.o
 .text.DAC_DeInit
                0x00000000       0x1c ..\obj\stm32f4xx_dac.o
 .text.DAC_Init
                0x00000000       0x64 ..\obj\stm32f4xx_dac.o
 .text.DAC_StructInit
                0x00000000       0x2c ..\obj\stm32f4xx_dac.o
 .text.DAC_Cmd  0x00000000       0x48 ..\obj\stm32f4xx_dac.o
 .text.DAC_SoftwareTriggerCmd
                0x00000000       0x4c ..\obj\stm32f4xx_dac.o
 .text.DAC_DualSoftwareTriggerCmd
                0x00000000       0x38 ..\obj\stm32f4xx_dac.o
 .text.DAC_WaveGenerationCmd
                0x00000000       0x4c ..\obj\stm32f4xx_dac.o
 .text.DAC_SetChannel1Data
                0x00000000       0x34 ..\obj\stm32f4xx_dac.o
 .text.DAC_SetChannel2Data
                0x00000000       0x34 ..\obj\stm32f4xx_dac.o
 .text.DAC_SetDualChannelData
                0x00000000       0x58 ..\obj\stm32f4xx_dac.o
 .text.DAC_GetDataOutputValue
                0x00000000       0x34 ..\obj\stm32f4xx_dac.o
 .text.DAC_DMACmd
                0x00000000       0x4c ..\obj\stm32f4xx_dac.o
 .text.DAC_ITConfig
                0x00000000       0x4c ..\obj\stm32f4xx_dac.o
 .text.DAC_GetFlagStatus
                0x00000000       0x3c ..\obj\stm32f4xx_dac.o
 .text.DAC_ClearFlag
                0x00000000       0x24 ..\obj\stm32f4xx_dac.o
 .text.DAC_GetITStatus
                0x00000000       0x58 ..\obj\stm32f4xx_dac.o
 .text.DAC_ClearITPendingBit
                0x00000000       0x24 ..\obj\stm32f4xx_dac.o
 .debug_info    0x00000000      0x60e ..\obj\stm32f4xx_dac.o
 .debug_abbrev  0x00000000      0x17c ..\obj\stm32f4xx_dac.o
 .debug_aranges
                0x00000000       0xa0 ..\obj\stm32f4xx_dac.o
 .debug_ranges  0x00000000       0x90 ..\obj\stm32f4xx_dac.o
 .debug_line    0x00000000      0x2f0 ..\obj\stm32f4xx_dac.o
 .debug_str     0x00000000      0x426 ..\obj\stm32f4xx_dac.o
 .comment       0x00000000       0x71 ..\obj\stm32f4xx_dac.o
 .ARM.attributes
                0x00000000       0x33 ..\obj\stm32f4xx_dac.o
 .debug_frame   0x00000000      0x1ec ..\obj\stm32f4xx_dac.o
 .text          0x00000000        0x0 ..\obj\startup_stm32f4xx.o
 .data          0x00000000        0x0 ..\obj\startup_stm32f4xx.o
 .bss           0x00000000        0x0 ..\obj\startup_stm32f4xx.o
 .text          0x00000000        0x0 ..\obj\stm32f4_discovery.o
 .data          0x00000000       0x14 ..\obj\stm32f4_discovery.o
 .bss           0x00000000        0x0 ..\obj\stm32f4_discovery.o
 .rodata        0x00000000       0x30 ..\obj\stm32f4_discovery.o
 .text.STM_EVAL_LEDInit
                0x00000000       0x5c ..\obj\stm32f4_discovery.o
 .text.STM_EVAL_LEDOn
                0x00000000       0x30 ..\obj\stm32f4_discovery.o
 .text.STM_EVAL_LEDOff
                0x00000000       0x30 ..\obj\stm32f4_discovery.o
 .text.STM_EVAL_LEDToggle
                0x00000000       0x3c ..\obj\stm32f4_discovery.o
 .text.STM_EVAL_PBInit
                0x00000000       0x94 ..\obj\stm32f4_discovery.o
 .text.STM_EVAL_PBGetState
                0x00000000       0x2c ..\obj\stm32f4_discovery.o
 .debug_info    0x00000000      0x85d ..\obj\stm32f4_discovery.o
 .debug_abbrev  0x00000000      0x183 ..\obj\stm32f4_discovery.o
 .debug_aranges
                0x00000000       0x48 ..\obj\stm32f4_discovery.o
 .debug_ranges  0x00000000       0x38 ..\obj\stm32f4_discovery.o
 .debug_line    0x00000000      0x241 ..\obj\stm32f4_discovery.o
 .debug_str     0x00000000      0xb0a ..\obj\stm32f4_discovery.o
 .comment       0x00000000       0x71 ..\obj\stm32f4_discovery.o
 .ARM.attributes
                0x00000000       0x33 ..\obj\stm32f4_discovery.o
 .debug_frame   0x00000000       0xc4 ..\obj\stm32f4_discovery.o
 COMMON         0x00000000        0x4 ..\obj\stm32f4_discovery.o
 .text          0x00000000        0x0 ..\obj\stm32f4xx_rcc.o
 .data          0x00000000       0x10 ..\obj\stm32f4xx_rcc.o
 .bss           0x00000000        0x0 ..\obj\stm32f4xx_rcc.o
 .text.RCC_DeInit
                0x00000000       0x50 ..\obj\stm32f4xx_rcc.o
 .text.RCC_HSEConfig
                0x00000000       0x24 ..\obj\stm32f4xx_rcc.o
 .text.RCC_WaitForHSEStartUp
                0x00000000       0x50 ..\obj\stm32f4xx_rcc.o
 .text.RCC_AdjustHSICalibrationValue
                0x00000000       0x3c ..\obj\stm32f4xx_rcc.o
 .text.RCC_HSICmd
                0x00000000       0x20 ..\obj\stm32f4xx_rcc.o
 .text.RCC_LSEConfig
                0x00000000       0x40 ..\obj\stm32f4xx_rcc.o
 .text.RCC_LSICmd
                0x00000000       0x20 ..\obj\stm32f4xx_rcc.o
 .text.RCC_PLLConfig
                0x00000000       0x3c ..\obj\stm32f4xx_rcc.o
 .text.RCC_PLLCmd
                0x00000000       0x20 ..\obj\stm32f4xx_rcc.o
 .text.RCC_PLLI2SConfig
                0x00000000       0x28 ..\obj\stm32f4xx_rcc.o
 .text.RCC_PLLI2SCmd
                0x00000000       0x20 ..\obj\stm32f4xx_rcc.o
 .text.RCC_ClockSecuritySystemCmd
                0x00000000       0x20 ..\obj\stm32f4xx_rcc.o
 .text.RCC_MCO1Config
                0x00000000       0x3c ..\obj\stm32f4xx_rcc.o
 .text.RCC_MCO2Config
                0x00000000       0x3c ..\obj\stm32f4xx_rcc.o
 .text.RCC_SYSCLKConfig
                0x00000000       0x38 ..\obj\stm32f4xx_rcc.o
 .text.RCC_GetSYSCLKSource
                0x00000000       0x20 ..\obj\stm32f4xx_rcc.o
 .text.RCC_HCLKConfig
                0x00000000       0x38 ..\obj\stm32f4xx_rcc.o
 .text.RCC_PCLK1Config
                0x00000000       0x38 ..\obj\stm32f4xx_rcc.o
 .text.RCC_PCLK2Config
                0x00000000       0x38 ..\obj\stm32f4xx_rcc.o
 .text.RCC_GetClocksFreq
                0x00000000      0x154 ..\obj\stm32f4xx_rcc.o
 .text.RCC_RTCCLKConfig
                0x00000000       0x5c ..\obj\stm32f4xx_rcc.o
 .text.RCC_RTCCLKCmd
                0x00000000       0x20 ..\obj\stm32f4xx_rcc.o
 .text.RCC_BackupResetCmd
                0x00000000       0x20 ..\obj\stm32f4xx_rcc.o
 .text.RCC_I2SCLKConfig
                0x00000000       0x1c ..\obj\stm32f4xx_rcc.o
 .text.RCC_AHB1PeriphClockCmd
                0x00000000       0x3c ..\obj\stm32f4xx_rcc.o
 .text.RCC_AHB2PeriphClockCmd
                0x00000000       0x3c ..\obj\stm32f4xx_rcc.o
 .text.RCC_AHB3PeriphClockCmd
                0x00000000       0x3c ..\obj\stm32f4xx_rcc.o
 .text.RCC_APB1PeriphClockCmd
                0x00000000       0x3c ..\obj\stm32f4xx_rcc.o
 .text.RCC_APB2PeriphClockCmd
                0x00000000       0x3c ..\obj\stm32f4xx_rcc.o
 .text.RCC_AHB1PeriphResetCmd
                0x00000000       0x3c ..\obj\stm32f4xx_rcc.o
 .text.RCC_AHB2PeriphResetCmd
                0x00000000       0x3c ..\obj\stm32f4xx_rcc.o
 .text.RCC_AHB3PeriphResetCmd
                0x00000000       0x3c ..\obj\stm32f4xx_rcc.o
 .text.RCC_APB1PeriphResetCmd
                0x00000000       0x3c ..\obj\stm32f4xx_rcc.o
 .text.RCC_APB2PeriphResetCmd
                0x00000000       0x3c ..\obj\stm32f4xx_rcc.o
 .text.RCC_AHB1PeriphClockLPModeCmd
                0x00000000       0x3c ..\obj\stm32f4xx_rcc.o
 .text.RCC_AHB2PeriphClockLPModeCmd
                0x00000000       0x3c ..\obj\stm32f4xx_rcc.o
 .text.RCC_AHB3PeriphClockLPModeCmd
                0x00000000       0x3c ..\obj\stm32f4xx_rcc.o
 .text.RCC_APB1PeriphClockLPModeCmd
                0x00000000       0x3c ..\obj\stm32f4xx_rcc.o
 .text.RCC_APB2PeriphClockLPModeCmd
                0x00000000       0x3c ..\obj\stm32f4xx_rcc.o
 .text.RCC_ITConfig
                0x00000000       0x48 ..\obj\stm32f4xx_rcc.o
 .text.RCC_GetFlagStatus
                0x00000000       0x74 ..\obj\stm32f4xx_rcc.o
 .text.RCC_ClearFlag
                0x00000000       0x1c ..\obj\stm32f4xx_rcc.o
 .text.RCC_GetITStatus
                0x00000000       0x38 ..\obj\stm32f4xx_rcc.o
 .text.RCC_ClearITPendingBit
                0x00000000       0x20 ..\obj\stm32f4xx_rcc.o
 .debug_info    0x00000000      0xc21 ..\obj\stm32f4xx_rcc.o
 .debug_abbrev  0x00000000      0x1e3 ..\obj\stm32f4xx_rcc.o
 .debug_aranges
                0x00000000      0x178 ..\obj\stm32f4xx_rcc.o
 .debug_ranges  0x00000000      0x168 ..\obj\stm32f4xx_rcc.o
 .debug_line    0x00000000      0x532 ..\obj\stm32f4xx_rcc.o
 .debug_str     0x00000000      0x823 ..\obj\stm32f4xx_rcc.o
 .comment       0x00000000       0x71 ..\obj\stm32f4xx_rcc.o
 .ARM.attributes
                0x00000000       0x33 ..\obj\stm32f4xx_rcc.o
 .debug_frame   0x00000000      0x4d8 ..\obj\stm32f4xx_rcc.o
 .text          0x00000000        0x0 ..\obj\stm32f4xx_adc.o
 .data          0x00000000        0x0 ..\obj\stm32f4xx_adc.o
 .bss           0x00000000        0x0 ..\obj\stm32f4xx_adc.o
 .text.ADC_DeInit
                0x00000000       0x1c ..\obj\stm32f4xx_adc.o
 .text.ADC_Init
                0x00000000       0xa8 ..\obj\stm32f4xx_adc.o
 .text.ADC_StructInit
                0x00000000       0x3c ..\obj\stm32f4xx_adc.o
 .text.ADC_CommonInit
                0x00000000       0x50 ..\obj\stm32f4xx_adc.o
 .text.ADC_CommonStructInit
                0x00000000       0x2c ..\obj\stm32f4xx_adc.o
 .text.ADC_Cmd  0x00000000       0x38 ..\obj\stm32f4xx_adc.o
 .text.ADC_AnalogWatchdogCmd
                0x00000000       0x38 ..\obj\stm32f4xx_adc.o
 .text.ADC_AnalogWatchdogThresholdsConfig
                0x00000000       0x28 ..\obj\stm32f4xx_adc.o
 .text.ADC_AnalogWatchdogSingleChannelConfig
                0x00000000       0x38 ..\obj\stm32f4xx_adc.o
 .text.ADC_TempSensorVrefintCmd
                0x00000000       0x38 ..\obj\stm32f4xx_adc.o
 .text.ADC_VBATCmd
                0x00000000       0x38 ..\obj\stm32f4xx_adc.o
 .text.ADC_RegularChannelConfig
                0x00000000      0x188 ..\obj\stm32f4xx_adc.o
 .text.ADC_SoftwareStartConv
                0x00000000       0x20 ..\obj\stm32f4xx_adc.o
 .text.ADC_GetSoftwareStartConvStatus
                0x00000000       0x30 ..\obj\stm32f4xx_adc.o
 .text.ADC_EOCOnEachRegularChannelCmd
                0x00000000       0x38 ..\obj\stm32f4xx_adc.o
 .text.ADC_ContinuousModeCmd
                0x00000000       0x38 ..\obj\stm32f4xx_adc.o
 .text.ADC_DiscModeChannelCountConfig
                0x00000000       0x44 ..\obj\stm32f4xx_adc.o
 .text.ADC_DiscModeCmd
                0x00000000       0x38 ..\obj\stm32f4xx_adc.o
 .text.ADC_GetConversionValue
                0x00000000       0x1c ..\obj\stm32f4xx_adc.o
 .text.ADC_GetMultiModeConversionValue
                0x00000000       0x18 ..\obj\stm32f4xx_adc.o
 .text.ADC_DMACmd
                0x00000000       0x38 ..\obj\stm32f4xx_adc.o
 .text.ADC_DMARequestAfterLastTransferCmd
                0x00000000       0x38 ..\obj\stm32f4xx_adc.o
 .text.ADC_MultiModeDMARequestAfterLastTransferCmd
                0x00000000       0x38 ..\obj\stm32f4xx_adc.o
 .text.ADC_InjectedChannelConfig
                0x00000000      0x114 ..\obj\stm32f4xx_adc.o
 .text.ADC_InjectedSequencerLengthConfig
                0x00000000       0x44 ..\obj\stm32f4xx_adc.o
 .text.ADC_SetInjectedOffset
                0x00000000       0x30 ..\obj\stm32f4xx_adc.o
 .text.ADC_ExternalTrigInjectedConvConfig
                0x00000000       0x34 ..\obj\stm32f4xx_adc.o
 .text.ADC_ExternalTrigInjectedConvEdgeConfig
                0x00000000       0x34 ..\obj\stm32f4xx_adc.o
 .text.ADC_SoftwareStartInjectedConv
                0x00000000       0x20 ..\obj\stm32f4xx_adc.o
 .text.ADC_GetSoftwareStartInjectedConvCmdStatus
                0x00000000       0x30 ..\obj\stm32f4xx_adc.o
 .text.ADC_AutoInjectedConvCmd
                0x00000000       0x38 ..\obj\stm32f4xx_adc.o
 .text.ADC_InjectedDiscModeCmd
                0x00000000       0x38 ..\obj\stm32f4xx_adc.o
 .text.ADC_GetInjectedConversionValue
                0x00000000       0x30 ..\obj\stm32f4xx_adc.o
 .text.ADC_ITConfig
                0x00000000       0x50 ..\obj\stm32f4xx_adc.o
 .text.ADC_GetFlagStatus
                0x00000000       0x34 ..\obj\stm32f4xx_adc.o
 .text.ADC_ClearFlag
                0x00000000       0x20 ..\obj\stm32f4xx_adc.o
 .text.ADC_GetITStatus
                0x00000000       0x5c ..\obj\stm32f4xx_adc.o
 .text.ADC_ClearITPendingBit
                0x00000000       0x2c ..\obj\stm32f4xx_adc.o
 .debug_info    0x00000000      0xc0c ..\obj\stm32f4xx_adc.o
 .debug_abbrev  0x00000000      0x196 ..\obj\stm32f4xx_adc.o
 .debug_aranges
                0x00000000      0x148 ..\obj\stm32f4xx_adc.o
 .debug_ranges  0x00000000      0x138 ..\obj\stm32f4xx_adc.o
 .debug_line    0x00000000      0x4ea ..\obj\stm32f4xx_adc.o
 .debug_str     0x00000000      0x7d7 ..\obj\stm32f4xx_adc.o
 .comment       0x00000000       0x71 ..\obj\stm32f4xx_adc.o
 .ARM.attributes
                0x00000000       0x33 ..\obj\stm32f4xx_adc.o
 .debug_frame   0x00000000      0x434 ..\obj\stm32f4xx_adc.o
 .text          0x00000000        0x0 ..\obj\stm32f4xx_gpio.o
 .data          0x00000000        0x0 ..\obj\stm32f4xx_gpio.o
 .bss           0x00000000        0x0 ..\obj\stm32f4xx_gpio.o
 .text.GPIO_DeInit
                0x00000000      0x120 ..\obj\stm32f4xx_gpio.o
 .text.GPIO_Init
                0x00000000      0x11c ..\obj\stm32f4xx_gpio.o
 .text.GPIO_StructInit
                0x00000000       0x34 ..\obj\stm32f4xx_gpio.o
 .text.GPIO_PinLockConfig
                0x00000000       0x44 ..\obj\stm32f4xx_gpio.o
 .text.GPIO_ReadInputDataBit
                0x00000000       0x34 ..\obj\stm32f4xx_gpio.o
 .text.GPIO_ReadInputData
                0x00000000       0x1c ..\obj\stm32f4xx_gpio.o
 .text.GPIO_ReadOutputDataBit
                0x00000000       0x34 ..\obj\stm32f4xx_gpio.o
 .text.GPIO_ReadOutputData
                0x00000000       0x1c ..\obj\stm32f4xx_gpio.o
 .text.GPIO_SetBits
                0x00000000       0x1c ..\obj\stm32f4xx_gpio.o
 .text.GPIO_ResetBits
                0x00000000       0x1c ..\obj\stm32f4xx_gpio.o
 .text.GPIO_WriteBit
                0x00000000       0x30 ..\obj\stm32f4xx_gpio.o
 .text.GPIO_Write
                0x00000000       0x1c ..\obj\stm32f4xx_gpio.o
 .text.GPIO_ToggleBits
                0x00000000       0x24 ..\obj\stm32f4xx_gpio.o
 .text.GPIO_PinAFConfig
                0x00000000       0x8c ..\obj\stm32f4xx_gpio.o
 .debug_info    0x00000000      0x5d6 ..\obj\stm32f4xx_gpio.o
 .debug_abbrev  0x00000000      0x1a3 ..\obj\stm32f4xx_gpio.o
 .debug_aranges
                0x00000000       0x88 ..\obj\stm32f4xx_gpio.o
 .debug_ranges  0x00000000       0x78 ..\obj\stm32f4xx_gpio.o
 .debug_line    0x00000000      0x2d7 ..\obj\stm32f4xx_gpio.o
 .debug_str     0x00000000      0x476 ..\obj\stm32f4xx_gpio.o
 .comment       0x00000000       0x71 ..\obj\stm32f4xx_gpio.o
 .ARM.attributes
                0x00000000       0x33 ..\obj\stm32f4xx_gpio.o
 .debug_frame   0x00000000      0x19c ..\obj\stm32f4xx_gpio.o
 .text          0x00000000        0x0 ..\obj\main2.o
 .data          0x00000000        0x0 ..\obj\main2.o
 .bss           0x00000000        0x0 ..\obj\main2.o
 .text          0x00000000        0x0 ..\obj\system_stm32f4xx.o
 .data          0x00000000       0x14 ..\obj\system_stm32f4xx.o
 .bss           0x00000000        0x0 ..\obj\system_stm32f4xx.o
 .text.SystemInit
                0x00000000       0x58 ..\obj\system_stm32f4xx.o
 .text.SystemCoreClockUpdate
                0x00000000       0xf8 ..\obj\system_stm32f4xx.o
 .text.SetSysClock
                0x00000000       0xf4 ..\obj\system_stm32f4xx.o
 .debug_info    0x00000000      0x566 ..\obj\system_stm32f4xx.o
 .debug_abbrev  0x00000000      0x136 ..\obj\system_stm32f4xx.o
 .debug_aranges
                0x00000000       0x30 ..\obj\system_stm32f4xx.o
 .debug_ranges  0x00000000       0x20 ..\obj\system_stm32f4xx.o
 .debug_line    0x00000000      0x185 ..\obj\system_stm32f4xx.o
 .debug_str     0x00000000      0x37d ..\obj\system_stm32f4xx.o
 .comment       0x00000000       0x71 ..\obj\system_stm32f4xx.o
 .ARM.attributes
                0x00000000       0x33 ..\obj\system_stm32f4xx.o
 .debug_frame   0x00000000       0x64 ..\obj\system_stm32f4xx.o
 .text          0x00000000        0x0 ..\obj\stm32f4xx_dma.o
 .data          0x00000000        0x0 ..\obj\stm32f4xx_dma.o
 .bss           0x00000000        0x0 ..\obj\stm32f4xx_dma.o
 .text.DMA_DeInit
                0x00000000      0x1a4 ..\obj\stm32f4xx_dma.o
 .text.DMA_StructInit
                0x00000000       0x6c ..\obj\stm32f4xx_dma.o
 .text.DMA_PeriphIncOffsetSizeConfig
                0x00000000       0x34 ..\obj\stm32f4xx_dma.o
 .text.DMA_FlowControllerConfig
                0x00000000       0x34 ..\obj\stm32f4xx_dma.o
 .text.DMA_SetCurrDataCounter
                0x00000000       0x1c ..\obj\stm32f4xx_dma.o
 .text.DMA_GetCurrDataCounter
                0x00000000       0x1c ..\obj\stm32f4xx_dma.o
 .text.DMA_DoubleBufferModeConfig
                0x00000000       0x3c ..\obj\stm32f4xx_dma.o
 .text.DMA_DoubleBufferModeCmd
                0x00000000       0x38 ..\obj\stm32f4xx_dma.o
 .text.DMA_MemoryTargetConfig
                0x00000000       0x2c ..\obj\stm32f4xx_dma.o
 .text.DMA_GetCurrentMemoryTarget
                0x00000000       0x30 ..\obj\stm32f4xx_dma.o
 .text.DMA_GetFIFOStatus
                0x00000000       0x24 ..\obj\stm32f4xx_dma.o
 .text.DMA_ITConfig
                0x00000000       0x74 ..\obj\stm32f4xx_dma.o
 .text.DMA_GetITStatus
                0x00000000       0xb0 ..\obj\stm32f4xx_dma.o
 .text.DMA_ClearITPendingBit
                0x00000000       0x5c ..\obj\stm32f4xx_dma.o
 .text          0x00000000        0x0 ..\obj\waverecorder2.o
 .data          0x00000000        0x8 ..\obj\waverecorder2.o
 .text.WaveRecorderInit
                0x00000000       0x90 ..\obj\waverecorder2.o
 .text.WaveRecorderStart
                0x00000000       0x50 ..\obj\waverecorder2.o
 .text.WaveRecorderStop
                0x00000000       0x28 ..\obj\waverecorder2.o
 .text.WavaRecorderHeaderInit
                0x00000000      0x198 ..\obj\waverecorder2.o
 .text.WaveRecorderUpdate
                0x00000000       0xf0 ..\obj\waverecorder2.o
 .text.WaveRecorder_GPIO_Init
                0x00000000       0x68 ..\obj\waverecorder2.o
 .text.WaveRecorder_SPI_Init
                0x00000000       0x54 ..\obj\waverecorder2.o
 .text.WaveRecorder_NVIC_Init
                0x00000000       0x2c ..\obj\waverecorder2.o
 .text          0x00000000        0x0 ..\obj\stm32f4xx_spi.o
 .data          0x00000000        0x0 ..\obj\stm32f4xx_spi.o
 .bss           0x00000000        0x0 ..\obj\stm32f4xx_spi.o
 .text.SPI_I2S_DeInit
                0x00000000       0x74 ..\obj\stm32f4xx_spi.o
 .text.SPI_Init
                0x00000000       0x88 ..\obj\stm32f4xx_spi.o
 .text.I2S_Init
                0x00000000      0x1b0 ..\obj\stm32f4xx_spi.o
 .text.SPI_StructInit
                0x00000000       0x48 ..\obj\stm32f4xx_spi.o
 .text.I2S_StructInit
                0x00000000       0x38 ..\obj\stm32f4xx_spi.o
 .text.SPI_Cmd  0x00000000       0x40 ..\obj\stm32f4xx_spi.o
 .text.I2S_Cmd  0x00000000       0x40 ..\obj\stm32f4xx_spi.o
 .text.SPI_DataSizeConfig
                0x00000000       0x38 ..\obj\stm32f4xx_spi.o
 .text.SPI_BiDirectionalLineConfig
                0x00000000       0x40 ..\obj\stm32f4xx_spi.o
 .text.SPI_NSSInternalSoftwareConfig
                0x00000000       0x44 ..\obj\stm32f4xx_spi.o
 .text.SPI_SSOutputCmd
                0x00000000       0x40 ..\obj\stm32f4xx_spi.o
 .text.SPI_TIModeCmd
                0x00000000       0x40 ..\obj\stm32f4xx_spi.o
 .text.I2S_FullDuplexConfig
                0x00000000       0x9c ..\obj\stm32f4xx_spi.o
 .text.SPI_I2S_SendData
                0x00000000       0x1c ..\obj\stm32f4xx_spi.o
 .text.SPI_CalculateCRC
                0x00000000       0x40 ..\obj\stm32f4xx_spi.o
 .text.SPI_TransmitCRC
                0x00000000       0x24 ..\obj\stm32f4xx_spi.o
 .text.SPI_GetCRC
                0x00000000       0x34 ..\obj\stm32f4xx_spi.o
 .text.SPI_GetCRCPolynomial
                0x00000000       0x1c ..\obj\stm32f4xx_spi.o
 .text.SPI_I2S_DMACmd
                0x00000000       0x48 ..\obj\stm32f4xx_spi.o
 .text.SPI_I2S_ITConfig
                0x00000000       0x60 ..\obj\stm32f4xx_spi.o
 .text.SPI_I2S_ClearFlag
                0x00000000       0x20 ..\obj\stm32f4xx_spi.o
 .text.SPI_I2S_ClearITPendingBit
                0x00000000       0x34 ..\obj\stm32f4xx_spi.o
 .text          0x00000000        0x0 ..\obj\stm32f4xx_i2c.o
 .data          0x00000000        0x0 ..\obj\stm32f4xx_i2c.o
 .bss           0x00000000        0x0 ..\obj\stm32f4xx_i2c.o
 .text.I2C_DeInit
                0x00000000       0x74 ..\obj\stm32f4xx_i2c.o
 .text.I2C_Init
                0x00000000      0x184 ..\obj\stm32f4xx_i2c.o
 .text.I2C_StructInit
                0x00000000       0x3c ..\obj\stm32f4xx_i2c.o
 .text.I2C_Cmd  0x00000000       0x40 ..\obj\stm32f4xx_i2c.o
 .text.I2C_GenerateSTART
                0x00000000       0x40 ..\obj\stm32f4xx_i2c.o
 .text.I2C_GenerateSTOP
                0x00000000       0x40 ..\obj\stm32f4xx_i2c.o
 .text.I2C_Send7bitAddress
                0x00000000       0x3c ..\obj\stm32f4xx_i2c.o
 .text.I2C_AcknowledgeConfig
                0x00000000       0x40 ..\obj\stm32f4xx_i2c.o
 .text.I2C_OwnAddress2Config
                0x00000000       0x40 ..\obj\stm32f4xx_i2c.o
 .text.I2C_DualAddressCmd
                0x00000000       0x40 ..\obj\stm32f4xx_i2c.o
 .text.I2C_GeneralCallCmd
                0x00000000       0x40 ..\obj\stm32f4xx_i2c.o
 .text.I2C_SoftwareResetCmd
                0x00000000       0x44 ..\obj\stm32f4xx_i2c.o
 .text.I2C_StretchClockCmd
                0x00000000       0x40 ..\obj\stm32f4xx_i2c.o
 .text.I2C_FastModeDutyCycleConfig
                0x00000000       0x40 ..\obj\stm32f4xx_i2c.o
 .text.I2C_NACKPositionConfig
                0x00000000       0x40 ..\obj\stm32f4xx_i2c.o
 .text.I2C_SMBusAlertConfig
                0x00000000       0x40 ..\obj\stm32f4xx_i2c.o
 .text.I2C_ARPCmd
                0x00000000       0x40 ..\obj\stm32f4xx_i2c.o
 .text.I2C_SendData
                0x00000000       0x20 ..\obj\stm32f4xx_i2c.o
 .text.I2C_ReceiveData
                0x00000000       0x1c ..\obj\stm32f4xx_i2c.o
 .text.I2C_TransmitPEC
                0x00000000       0x40 ..\obj\stm32f4xx_i2c.o
 .text.I2C_PECPositionConfig
                0x00000000       0x40 ..\obj\stm32f4xx_i2c.o
 .text.I2C_CalculatePEC
                0x00000000       0x40 ..\obj\stm32f4xx_i2c.o
 .text.I2C_GetPEC
                0x00000000       0x20 ..\obj\stm32f4xx_i2c.o
 .text.I2C_DMACmd
                0x00000000       0x40 ..\obj\stm32f4xx_i2c.o
 .text.I2C_DMALastTransferCmd
                0x00000000       0x40 ..\obj\stm32f4xx_i2c.o
 .text.I2C_ReadRegister
                0x00000000       0x30 ..\obj\stm32f4xx_i2c.o
 .text.I2C_ITConfig
                0x00000000       0x48 ..\obj\stm32f4xx_i2c.o
 .text.I2C_CheckEvent
                0x00000000       0x60 ..\obj\stm32f4xx_i2c.o
 .text.I2C_GetLastEvent
                0x00000000       0x44 ..\obj\stm32f4xx_i2c.o
 .text.I2C_GetFlagStatus
                0x00000000       0x68 ..\obj\stm32f4xx_i2c.o
 .text.I2C_ClearFlag
                0x00000000       0x2c ..\obj\stm32f4xx_i2c.o
 .text.I2C_GetITStatus
                0x00000000       0x5c ..\obj\stm32f4xx_i2c.o
 .text.I2C_ClearITPendingBit
                0x00000000       0x2c ..\obj\stm32f4xx_i2c.o
 .debug_info    0x00000000      0xac8 ..\obj\stm32f4xx_i2c.o
 .debug_abbrev  0x00000000      0x164 ..\obj\stm32f4xx_i2c.o
 .debug_aranges
                0x00000000      0x120 ..\obj\stm32f4xx_i2c.o
 .debug_ranges  0x00000000      0x110 ..\obj\stm32f4xx_i2c.o
 .debug_line    0x00000000      0x473 ..\obj\stm32f4xx_i2c.o
 .debug_str     0x00000000      0x638 ..\obj\stm32f4xx_i2c.o
 .comment       0x00000000       0x71 ..\obj\stm32f4xx_i2c.o
 .ARM.attributes
                0x00000000       0x33 ..\obj\stm32f4xx_i2c.o
 .debug_frame   0x00000000      0x3b4 ..\obj\stm32f4xx_i2c.o
 .text          0x00000000        0x0 ..\obj\stm32f4xx_exti.o
 .data          0x00000000        0x0 ..\obj\stm32f4xx_exti.o
 .bss           0x00000000        0x0 ..\obj\stm32f4xx_exti.o
 .text.EXTI_DeInit
                0x00000000       0x34 ..\obj\stm32f4xx_exti.o
 .text.EXTI_Init
                0x00000000       0xdc ..\obj\stm32f4xx_exti.o
 .text.EXTI_StructInit
                0x00000000       0x2c ..\obj\stm32f4xx_exti.o
 .text.EXTI_GenerateSWInterrupt
                0x00000000       0x24 ..\obj\stm32f4xx_exti.o
 .text.EXTI_GetFlagStatus
                0x00000000       0x34 ..\obj\stm32f4xx_exti.o
 .text.EXTI_ClearFlag
                0x00000000       0x1c ..\obj\stm32f4xx_exti.o
 .text.EXTI_GetITStatus
                0x00000000       0x48 ..\obj\stm32f4xx_exti.o
 .text.EXTI_ClearITPendingBit
                0x00000000       0x1c ..\obj\stm32f4xx_exti.o
 .debug_info    0x00000000      0x331 ..\obj\stm32f4xx_exti.o
 .debug_abbrev  0x00000000      0x1a5 ..\obj\stm32f4xx_exti.o
 .debug_aranges
                0x00000000       0x58 ..\obj\stm32f4xx_exti.o
 .debug_ranges  0x00000000       0x48 ..\obj\stm32f4xx_exti.o
 .debug_line    0x00000000      0x23d ..\obj\stm32f4xx_exti.o
 .debug_str     0x00000000      0x341 ..\obj\stm32f4xx_exti.o
 .comment       0x00000000       0x71 ..\obj\stm32f4xx_exti.o
 .ARM.attributes
                0x00000000       0x33 ..\obj\stm32f4xx_exti.o
 .debug_frame   0x00000000       0xec ..\obj\stm32f4xx_exti.o
 .text          0x00000000        0x0 ..\obj\misc.o
 .data          0x00000000        0x0 ..\obj\misc.o
 .bss           0x00000000        0x0 ..\obj\misc.o
 .text.NVIC_PriorityGroupConfig
                0x00000000       0x24 ..\obj\misc.o
 .text.NVIC_Init
                0x00000000       0xbc ..\obj\misc.o
 .text.NVIC_SetVectorTable
                0x00000000       0x2c ..\obj\misc.o
 .text.NVIC_SystemLPConfig
                0x00000000       0x40 ..\obj\misc.o
 .text.SysTick_CLKSourceConfig
                0x00000000       0x38 ..\obj\misc.o
 .debug_info    0x00000000      0x51c ..\obj\misc.o
 .debug_abbrev  0x00000000      0x145 ..\obj\misc.o
 .debug_aranges
                0x00000000       0x40 ..\obj\misc.o
 .debug_ranges  0x00000000       0x30 ..\obj\misc.o
 .debug_line    0x00000000      0x1dd ..\obj\misc.o
 .debug_str     0x00000000      0x3ac ..\obj\misc.o
 .comment       0x00000000       0x71 ..\obj\misc.o
 .ARM.attributes
                0x00000000       0x33 ..\obj\misc.o
 .debug_frame   0x00000000       0x9c ..\obj\misc.o
 .text          0x00000000        0x0 ..\obj\stm32f4_discovery_lis302dl.o
 .data          0x00000000        0x4 ..\obj\stm32f4_discovery_lis302dl.o
 .bss           0x00000000        0x0 ..\obj\stm32f4_discovery_lis302dl.o
 .text.LIS302DL_Init
                0x00000000       0x4c ..\obj\stm32f4_discovery_lis302dl.o
 .text.LIS302DL_FilterConfig
                0x00000000       0x54 ..\obj\stm32f4_discovery_lis302dl.o
 .text.LIS302DL_InterruptConfig
                0x00000000       0x44 ..\obj\stm32f4_discovery_lis302dl.o
 .text.LIS302DL_LowpowerCmd
                0x00000000       0x40 ..\obj\stm32f4_discovery_lis302dl.o
 .text.LIS302DL_DataRateCmd
                0x00000000       0x40 ..\obj\stm32f4_discovery_lis302dl.o
 .text.LIS302DL_FullScaleCmd
                0x00000000       0x40 ..\obj\stm32f4_discovery_lis302dl.o
 .text.LIS302DL_RebootCmd
                0x00000000       0x30 ..\obj\stm32f4_discovery_lis302dl.o
 .text.LIS302DL_Write
                0x00000000       0x60 ..\obj\stm32f4_discovery_lis302dl.o
 .text.LIS302DL_Read
                0x00000000       0x6c ..\obj\stm32f4_discovery_lis302dl.o
 .text.LIS302DL_ReadACC
                0x00000000       0xb4 ..\obj\stm32f4_discovery_lis302dl.o
 .text.LIS302DL_LowLevel_Init
                0x00000000      0x134 ..\obj\stm32f4_discovery_lis302dl.o
 .text.LIS302DL_SendByte
                0x00000000       0x90 ..\obj\stm32f4_discovery_lis302dl.o
 .debug_info    0x00000000      0x78d ..\obj\stm32f4_discovery_lis302dl.o
 .debug_abbrev  0x00000000      0x1b9 ..\obj\stm32f4_discovery_lis302dl.o
 .debug_aranges
                0x00000000       0x78 ..\obj\stm32f4_discovery_lis302dl.o
 .debug_ranges  0x00000000       0x68 ..\obj\stm32f4_discovery_lis302dl.o
 .debug_line    0x00000000      0x35f ..\obj\stm32f4_discovery_lis302dl.o
 .debug_str     0x00000000      0x72b ..\obj\stm32f4_discovery_lis302dl.o
 .comment       0x00000000       0x71 ..\obj\stm32f4_discovery_lis302dl.o
 .ARM.attributes
                0x00000000       0x33 ..\obj\stm32f4_discovery_lis302dl.o
 .debug_frame   0x00000000      0x190 ..\obj\stm32f4_discovery_lis302dl.o
 .text          0x00000000        0x0 ..\obj\stm32f4xx_tim.o
 .data          0x00000000        0x0 ..\obj\stm32f4xx_tim.o
 .bss           0x00000000        0x0 ..\obj\stm32f4xx_tim.o
 .text.TIM_DeInit
                0x00000000      0x1bc ..\obj\stm32f4xx_tim.o
 .text.TIM_TimeBaseInit
                0x00000000       0xd4 ..\obj\stm32f4xx_tim.o
 .text.TIM_TimeBaseStructInit
                0x00000000       0x34 ..\obj\stm32f4xx_tim.o
 .text.TIM_PrescalerConfig
                0x00000000       0x28 ..\obj\stm32f4xx_tim.o
 .text.TIM_CounterModeConfig
                0x00000000       0x38 ..\obj\stm32f4xx_tim.o
 .text.TIM_SetCounter
                0x00000000       0x1c ..\obj\stm32f4xx_tim.o
 .text.TIM_SetAutoreload
                0x00000000       0x1c ..\obj\stm32f4xx_tim.o
 .text.TIM_GetCounter
                0x00000000       0x18 ..\obj\stm32f4xx_tim.o
 .text.TIM_GetPrescaler
                0x00000000       0x1c ..\obj\stm32f4xx_tim.o
 .text.TIM_UpdateDisableConfig
                0x00000000       0x40 ..\obj\stm32f4xx_tim.o
 .text.TIM_UpdateRequestConfig
                0x00000000       0x40 ..\obj\stm32f4xx_tim.o
 .text.TIM_ARRPreloadConfig
                0x00000000       0x40 ..\obj\stm32f4xx_tim.o
 .text.TIM_SelectOnePulseMode
                0x00000000       0x38 ..\obj\stm32f4xx_tim.o
 .text.TIM_SetClockDivision
                0x00000000       0x38 ..\obj\stm32f4xx_tim.o
 .text.TIM_Cmd  0x00000000       0x40 ..\obj\stm32f4xx_tim.o
 .text.TIM_OC1Init
                0x00000000       0xf4 ..\obj\stm32f4xx_tim.o
 .text.TIM_OC2Init
                0x00000000      0x110 ..\obj\stm32f4xx_tim.o
 .text.TIM_OC3Init
                0x00000000      0x10c ..\obj\stm32f4xx_tim.o
 .text.TIM_OC4Init
                0x00000000       0xcc ..\obj\stm32f4xx_tim.o
 .text.TIM_OCStructInit
                0x00000000       0x44 ..\obj\stm32f4xx_tim.o
 .text.TIM_SelectOCxM
                0x00000000       0xac ..\obj\stm32f4xx_tim.o
 .text.TIM_SetCompare1
                0x00000000       0x1c ..\obj\stm32f4xx_tim.o
 .text.TIM_SetCompare2
                0x00000000       0x1c ..\obj\stm32f4xx_tim.o
 .text.TIM_SetCompare3
                0x00000000       0x1c ..\obj\stm32f4xx_tim.o
 .text.TIM_SetCompare4
                0x00000000       0x1c ..\obj\stm32f4xx_tim.o
 .text.TIM_ForcedOC1Config
                0x00000000       0x38 ..\obj\stm32f4xx_tim.o
 .text.TIM_ForcedOC2Config
                0x00000000       0x3c ..\obj\stm32f4xx_tim.o
 .text.TIM_ForcedOC3Config
                0x00000000       0x38 ..\obj\stm32f4xx_tim.o
 .text.TIM_ForcedOC4Config
                0x00000000       0x3c ..\obj\stm32f4xx_tim.o
 .text.TIM_OC1PreloadConfig
                0x00000000       0x38 ..\obj\stm32f4xx_tim.o
 .text.TIM_OC2PreloadConfig
                0x00000000       0x3c ..\obj\stm32f4xx_tim.o
 .text.TIM_OC3PreloadConfig
                0x00000000       0x38 ..\obj\stm32f4xx_tim.o
 .text.TIM_OC4PreloadConfig
                0x00000000       0x3c ..\obj\stm32f4xx_tim.o
 .text.TIM_OC1FastConfig
                0x00000000       0x38 ..\obj\stm32f4xx_tim.o
 .text.TIM_OC2FastConfig
                0x00000000       0x3c ..\obj\stm32f4xx_tim.o
 .text.TIM_OC3FastConfig
                0x00000000       0x38 ..\obj\stm32f4xx_tim.o
 .text.TIM_OC4FastConfig
                0x00000000       0x3c ..\obj\stm32f4xx_tim.o
 .text.TIM_ClearOC1Ref
                0x00000000       0x38 ..\obj\stm32f4xx_tim.o
 .text.TIM_ClearOC2Ref
                0x00000000       0x3c ..\obj\stm32f4xx_tim.o
 .text.TIM_ClearOC3Ref
                0x00000000       0x38 ..\obj\stm32f4xx_tim.o
 .text.TIM_ClearOC4Ref
                0x00000000       0x3c ..\obj\stm32f4xx_tim.o
 .text.TIM_OC1PolarityConfig
                0x00000000       0x38 ..\obj\stm32f4xx_tim.o
 .text.TIM_OC1NPolarityConfig
                0x00000000       0x38 ..\obj\stm32f4xx_tim.o
 .text.TIM_OC2PolarityConfig
                0x00000000       0x3c ..\obj\stm32f4xx_tim.o
 .text.TIM_OC2NPolarityConfig
                0x00000000       0x3c ..\obj\stm32f4xx_tim.o
 .text.TIM_OC3PolarityConfig
                0x00000000       0x3c ..\obj\stm32f4xx_tim.o
 .text.TIM_OC3NPolarityConfig
                0x00000000       0x3c ..\obj\stm32f4xx_tim.o
 .text.TIM_OC4PolarityConfig
                0x00000000       0x3c ..\obj\stm32f4xx_tim.o
 .text.TIM_CCxCmd
                0x00000000       0x54 ..\obj\stm32f4xx_tim.o
 .text.TIM_CCxNCmd
                0x00000000       0x54 ..\obj\stm32f4xx_tim.o
 .text.TIM_ICInit
                0x00000000       0xa8 ..\obj\stm32f4xx_tim.o
 .text.TIM_ICStructInit
                0x00000000       0x30 ..\obj\stm32f4xx_tim.o
 .text.TIM_PWMIConfig
                0x00000000       0xb8 ..\obj\stm32f4xx_tim.o
 .text.TIM_GetCapture1
                0x00000000       0x18 ..\obj\stm32f4xx_tim.o
 .text.TIM_GetCapture2
                0x00000000       0x18 ..\obj\stm32f4xx_tim.o
 .text.TIM_GetCapture3
                0x00000000       0x18 ..\obj\stm32f4xx_tim.o
 .text.TIM_GetCapture4
                0x00000000       0x18 ..\obj\stm32f4xx_tim.o
 .text.TIM_SetIC1Prescaler
                0x00000000       0x38 ..\obj\stm32f4xx_tim.o
 .text.TIM_SetIC2Prescaler
                0x00000000       0x3c ..\obj\stm32f4xx_tim.o
 .text.TIM_SetIC3Prescaler
                0x00000000       0x38 ..\obj\stm32f4xx_tim.o
 .text.TIM_SetIC4Prescaler
                0x00000000       0x3c ..\obj\stm32f4xx_tim.o
 .text.TIM_BDTRConfig
                0x00000000       0x50 ..\obj\stm32f4xx_tim.o
 .text.TIM_BDTRStructInit
                0x00000000       0x3c ..\obj\stm32f4xx_tim.o
 .text.TIM_CtrlPWMOutputs
                0x00000000       0x4c ..\obj\stm32f4xx_tim.o
 .text.TIM_SelectCOM
                0x00000000       0x40 ..\obj\stm32f4xx_tim.o
 .text.TIM_CCPreloadControl
                0x00000000       0x40 ..\obj\stm32f4xx_tim.o
 .text.TIM_ITConfig
                0x00000000       0x48 ..\obj\stm32f4xx_tim.o
 .text.TIM_GenerateEvent
                0x00000000       0x1c ..\obj\stm32f4xx_tim.o
 .text.TIM_GetFlagStatus
                0x00000000       0x38 ..\obj\stm32f4xx_tim.o
 .text.TIM_ClearFlag
                0x00000000       0x20 ..\obj\stm32f4xx_tim.o
 .text.TIM_GetITStatus
                0x00000000       0x54 ..\obj\stm32f4xx_tim.o
 .text.TIM_ClearITPendingBit
                0x00000000       0x20 ..\obj\stm32f4xx_tim.o
 .text.TIM_DMAConfig
                0x00000000       0x28 ..\obj\stm32f4xx_tim.o
 .text.TIM_DMACmd
                0x00000000       0x48 ..\obj\stm32f4xx_tim.o
 .text.TIM_SelectCCDMA
                0x00000000       0x40 ..\obj\stm32f4xx_tim.o
 .text.TIM_InternalClockConfig
                0x00000000       0x24 ..\obj\stm32f4xx_tim.o
 .text.TIM_ITRxExternalClockConfig
                0x00000000       0x2c ..\obj\stm32f4xx_tim.o
 .text.TIM_TIxExternalClockConfig
                0x00000000       0x54 ..\obj\stm32f4xx_tim.o
 .text.TIM_ETRClockMode1Config
                0x00000000       0x50 ..\obj\stm32f4xx_tim.o
 .text.TIM_ETRClockMode2Config
                0x00000000       0x30 ..\obj\stm32f4xx_tim.o
 .text.TIM_SelectInputTrigger
                0x00000000       0x38 ..\obj\stm32f4xx_tim.o
 .text.TIM_SelectOutputTrigger
                0x00000000       0x38 ..\obj\stm32f4xx_tim.o
 .text.TIM_SelectSlaveMode
                0x00000000       0x38 ..\obj\stm32f4xx_tim.o
 .text.TIM_SelectMasterSlaveMode
                0x00000000       0x38 ..\obj\stm32f4xx_tim.o
 .text.TIM_ETRConfig
                0x00000000       0x48 ..\obj\stm32f4xx_tim.o
 .text.TIM_EncoderInterfaceConfig
                0x00000000       0x8c ..\obj\stm32f4xx_tim.o
 .text.TIM_SelectHallSensor
                0x00000000       0x40 ..\obj\stm32f4xx_tim.o
 .text.TIM_RemapConfig
                0x00000000       0x20 ..\obj\stm32f4xx_tim.o
 .text.TI1_Config
                0x00000000       0x78 ..\obj\stm32f4xx_tim.o
 .text.TI2_Config
                0x00000000       0x8c ..\obj\stm32f4xx_tim.o
 .text.TI3_Config
                0x00000000       0x84 ..\obj\stm32f4xx_tim.o
 .text.TI4_Config
                0x00000000       0x90 ..\obj\stm32f4xx_tim.o
 .debug_info    0x00000000     0x1c35 ..\obj\stm32f4xx_tim.o
 .debug_abbrev  0x00000000      0x187 ..\obj\stm32f4xx_tim.o
 .debug_aranges
                0x00000000      0x2f8 ..\obj\stm32f4xx_tim.o
 .debug_ranges  0x00000000      0x2e8 ..\obj\stm32f4xx_tim.o
 .debug_line    0x00000000      0x9fd ..\obj\stm32f4xx_tim.o
 .debug_str     0x00000000      0xda3 ..\obj\stm32f4xx_tim.o
 .comment       0x00000000       0x71 ..\obj\stm32f4xx_tim.o
 .ARM.attributes
                0x00000000       0x33 ..\obj\stm32f4xx_tim.o
 .debug_frame   0x00000000      0xa3c ..\obj\stm32f4xx_tim.o
 .text          0x00000000        0x0 ..\..\..\STM32F4-Discovery\libpdmfilter_gcc.a(pdm_filter.o)
 .data          0x00000000        0x0 ..\..\..\STM32F4-Discovery\libpdmfilter_gcc.a(pdm_filter.o)
 .bss           0x00000000        0x0 ..\..\..\STM32F4-Discovery\libpdmfilter_gcc.a(pdm_filter.o)
 .text.PDM_Filter_Init
                0x00000000      0x108 ..\..\..\STM32F4-Discovery\libpdmfilter_gcc.a(pdm_filter.o)
 .text.PDM_Filter_80_LSB
                0x00000000      0x2e4 ..\..\..\STM32F4-Discovery\libpdmfilter_gcc.a(pdm_filter.o)
 .text.PDM_Filter_64_MSB
                0x00000000      0x2e4 ..\..\..\STM32F4-Discovery\libpdmfilter_gcc.a(pdm_filter.o)
 .text.PDM_Filter_80_MSB
                0x00000000      0x330 ..\..\..\STM32F4-Discovery\libpdmfilter_gcc.a(pdm_filter.o)
 .text          0x00000000      0x370 c:/program files (x86)/gnu tools arm embedded/4.8 2013q4/bin/../lib/gcc/arm-none-eabi/4.8.3/armv7e-m\libgcc.a(_arm_addsubdf3.o)
 .data          0x00000000        0x0 c:/program files (x86)/gnu tools arm embedded/4.8 2013q4/bin/../lib/gcc/arm-none-eabi/4.8.3/armv7e-m\libgcc.a(_arm_addsubdf3.o)
 .bss           0x00000000        0x0 c:/program files (x86)/gnu tools arm embedded/4.8 2013q4/bin/../lib/gcc/arm-none-eabi/4.8.3/armv7e-m\libgcc.a(_arm_addsubdf3.o)
 .ARM.attributes
                0x00000000       0x1e c:/program files (x86)/gnu tools arm embedded/4.8 2013q4/bin/../lib/gcc/arm-none-eabi/4.8.3/armv7e-m\libgcc.a(_arm_addsubdf3.o)
 .text          0x00000000      0x424 c:/program files (x86)/gnu tools arm embedded/4.8 2013q4/bin/../lib/gcc/arm-none-eabi/4.8.3/armv7e-m\libgcc.a(_arm_muldivdf3.o)
 .data          0x00000000        0x0 c:/program files (x86)/gnu tools arm embedded/4.8 2013q4/bin/../lib/gcc/arm-none-eabi/4.8.3/armv7e-m\libgcc.a(_arm_muldivdf3.o)
 .bss           0x00000000        0x0 c:/program files (x86)/gnu tools arm embedded/4.8 2013q4/bin/../lib/gcc/arm-none-eabi/4.8.3/armv7e-m\libgcc.a(_arm_muldivdf3.o)
 .ARM.attributes
                0x00000000       0x1e c:/program files (x86)/gnu tools arm embedded/4.8 2013q4/bin/../lib/gcc/arm-none-eabi/4.8.3/armv7e-m\libgcc.a(_arm_muldivdf3.o)
 .text          0x00000000       0x40 c:/program files (x86)/gnu tools arm embedded/4.8 2013q4/bin/../lib/gcc/arm-none-eabi/4.8.3/armv7e-m\libgcc.a(_arm_fixunsdfsi.o)
 .data          0x00000000        0x0 c:/program files (x86)/gnu tools arm embedded/4.8 2013q4/bin/../lib/gcc/arm-none-eabi/4.8.3/armv7e-m\libgcc.a(_arm_fixunsdfsi.o)
 .bss           0x00000000        0x0 c:/program files (x86)/gnu tools arm embedded/4.8 2013q4/bin/../lib/gcc/arm-none-eabi/4.8.3/armv7e-m\libgcc.a(_arm_fixunsdfsi.o)
 .ARM.attributes
                0x00000000       0x1e c:/program files (x86)/gnu tools arm embedded/4.8 2013q4/bin/../lib/gcc/arm-none-eabi/4.8.3/armv7e-m\libgcc.a(_arm_fixunsdfsi.o)
 .text          0x00000000      0x2a0 c:/program files (x86)/gnu tools arm embedded/4.8 2013q4/bin/../lib/gcc/arm-none-eabi/4.8.3/armv7e-m\libgcc.a(_arm_muldivsf3.o)
 .data          0x00000000        0x0 c:/program files (x86)/gnu tools arm embedded/4.8 2013q4/bin/../lib/gcc/arm-none-eabi/4.8.3/armv7e-m\libgcc.a(_arm_muldivsf3.o)
 .bss           0x00000000        0x0 c:/program files (x86)/gnu tools arm embedded/4.8 2013q4/bin/../lib/gcc/arm-none-eabi/4.8.3/armv7e-m\libgcc.a(_arm_muldivsf3.o)
 .ARM.attributes
                0x00000000       0x1e c:/program files (x86)/gnu tools arm embedded/4.8 2013q4/bin/../lib/gcc/arm-none-eabi/4.8.3/armv7e-m\libgcc.a(_arm_muldivsf3.o)
 .text          0x00000000       0xec c:/program files (x86)/gnu tools arm embedded/4.8 2013q4/bin/../lib/gcc/arm-none-eabi/4.8.3/armv7e-m\libgcc.a(_arm_cmpsf2.o)
 .data          0x00000000        0x0 c:/program files (x86)/gnu tools arm embedded/4.8 2013q4/bin/../lib/gcc/arm-none-eabi/4.8.3/armv7e-m\libgcc.a(_arm_cmpsf2.o)
 .bss           0x00000000        0x0 c:/program files (x86)/gnu tools arm embedded/4.8 2013q4/bin/../lib/gcc/arm-none-eabi/4.8.3/armv7e-m\libgcc.a(_arm_cmpsf2.o)
 .ARM.attributes
                0x00000000       0x1e c:/program files (x86)/gnu tools arm embedded/4.8 2013q4/bin/../lib/gcc/arm-none-eabi/4.8.3/armv7e-m\libgcc.a(_arm_cmpsf2.o)

Memory Configuration

Name             Origin             Length             Attributes
rom              0x08000000         0x00100000         xr
ram              0x20000000         0x00020000         xrw
ram1             0x10000000         0x00010000         xrw
*default*        0x00000000         0xffffffff

Linker script and memory map

                0x20020000                _eram = 0x20020000

.text           0x08000000      0x93c
 *(.isr_vector .isr_vector.*)
 .isr_vector    0x08000000      0x188 ..\obj\startup_stm32f4xx.o
                0x08000000                g_pfnVectors
 *(.text .text.* .gnu.linkonce.t.*)
 .text.Audio_MAL_IRQHandler
                0x08000188       0xec ..\obj\stm32f4_discovery_audio_codec.o
 .text.DMA1_Stream7_IRQHandler
                0x08000274        0xc ..\obj\stm32f4_discovery_audio_codec.o
                0x08000274                DMA1_Stream7_IRQHandler
 .text.DMA1_Stream0_IRQHandler
                0x08000280        0xc ..\obj\stm32f4_discovery_audio_codec.o
                0x08000280                DMA1_Stream0_IRQHandler
 .text.SPI3_IRQHandler
                0x0800028c       0x20 ..\obj\stm32f4_discovery_audio_codec.o
                0x0800028c                SPI3_IRQHandler
 .text.Default_Reset_Handler
                0x080002ac       0x5c ..\obj\startup_stm32f4xx.o
                0x080002ac                Default_Reset_Handler
                0x080002ac                Reset_Handler
 .text.Default_Handler
                0x08000308        0x8 ..\obj\startup_stm32f4xx.o
                0x08000308                RTC_Alarm_IRQHandler
                0x08000308                HASH_RNG_IRQHandler
                0x08000308                EXTI2_IRQHandler
                0x08000308                TIM8_CC_IRQHandler
                0x08000308                DebugMon_Handler
                0x08000308                TIM1_CC_IRQHandler
                0x08000308                DMA2_Stream5_IRQHandler
                0x08000308                HardFault_Handler
                0x08000308                DMA1_Stream5_IRQHandler
                0x08000308                SysTick_Handler
                0x08000308                PVD_IRQHandler
                0x08000308                SDIO_IRQHandler
                0x08000308                TAMP_STAMP_IRQHandler
                0x08000308                PendSV_Handler
                0x08000308                NMI_Handler
                0x08000308                CAN2_RX1_IRQHandler
                0x08000308                EXTI3_IRQHandler
                0x08000308                TIM8_TRG_COM_TIM14_IRQHandler
                0x08000308                TIM1_UP_TIM10_IRQHandler
                0x08000308                TIM8_UP_TIM13_IRQHandler
                0x08000308                I2C3_ER_IRQHandler
                0x08000308                EXTI0_IRQHandler
                0x08000308                I2C2_EV_IRQHandler
                0x08000308                DMA1_Stream2_IRQHandler
                0x08000308                CAN1_RX0_IRQHandler
                0x08000308                FPU_IRQHandler
                0x08000308                OTG_HS_WKUP_IRQHandler
                0x08000308                UsageFault_Handler
                0x08000308                CAN2_SCE_IRQHandler
                0x08000308                DMA2_Stream2_IRQHandler
                0x08000308                SPI1_IRQHandler
                0x08000308                TIM6_DAC_IRQHandler
                0x08000308                TIM1_BRK_TIM9_IRQHandler
                0x08000308                DCMI_IRQHandler
                0x08000308                CAN2_RX0_IRQHandler
                0x08000308                DMA2_Stream3_IRQHandler
                0x08000308                USART6_IRQHandler
                0x08000308                USART3_IRQHandler
                0x08000308                CRYP_IRQHandler
                0x08000308                CAN1_RX1_IRQHandler
                0x08000308                UART5_IRQHandler
                0x08000308                DMA2_Stream0_IRQHandler
                0x08000308                TIM4_IRQHandler
                0x08000308                I2C1_EV_IRQHandler
                0x08000308                DMA1_Stream6_IRQHandler
                0x08000308                DMA1_Stream1_IRQHandler
                0x08000308                UART4_IRQHandler
                0x08000308                TIM3_IRQHandler
                0x08000308                RCC_IRQHandler
                0x08000308                TIM8_BRK_TIM12_IRQHandler
                0x08000308                EXTI15_10_IRQHandler
                0x08000308                ADC_IRQHandler
                0x08000308                TIM7_IRQHandler
                0x08000308                CAN2_TX_IRQHandler
                0x08000308                TIM5_IRQHandler
                0x08000308                DMA2_Stream7_IRQHandler
                0x08000308                I2C3_EV_IRQHandler
                0x08000308                EXTI9_5_IRQHandler
                0x08000308                RTC_WKUP_IRQHandler
                0x08000308                ETH_WKUP_IRQHandler
                0x08000308                OTG_HS_EP1_IN_IRQHandler
                0x08000308                MemManage_Handler
                0x08000308                CAN1_TX_IRQHandler
                0x08000308                SVC_Handler
                0x08000308                EXTI4_IRQHandler
                0x08000308                FSMC_IRQHandler
                0x08000308                ETH_IRQHandler
                0x08000308                OTG_HS_EP1_OUT_IRQHandler
                0x08000308                WWDG_IRQHandler
                0x08000308                TIM2_IRQHandler
                0x08000308                OTG_FS_WKUP_IRQHandler
                0x08000308                TIM1_TRG_COM_TIM11_IRQHandler
                0x08000308                OTG_HS_IRQHandler
                0x08000308                EXTI1_IRQHandler
                0x08000308                USART2_IRQHandler
                0x08000308                I2C2_ER_IRQHandler
                0x08000308                DMA2_Stream1_IRQHandler
                0x08000308                CAN1_SCE_IRQHandler
                0x08000308                FLASH_IRQHandler
                0x08000308                DMA2_Stream4_IRQHandler
                0x08000308                BusFault_Handler
                0x08000308                USART1_IRQHandler
                0x08000308                OTG_FS_IRQHandler
                0x08000308                DMA1_Stream4_IRQHandler
                0x08000308                I2C1_ER_IRQHandler
                0x08000308                DMA2_Stream6_IRQHandler
                0x08000308                DMA1_Stream3_IRQHandler
 .text.main     0x08000310        0x8 ..\obj\main2.o
                0x08000310                main
 .text.DMA_Init
                0x08000318       0xac ..\obj\stm32f4xx_dma.o
                0x08000318                DMA_Init
 .text.DMA_Cmd  0x080003c4       0x38 ..\obj\stm32f4xx_dma.o
                0x080003c4                DMA_Cmd
 .text.DMA_GetCmdStatus
                0x080003fc       0x30 ..\obj\stm32f4xx_dma.o
                0x080003fc                DMA_GetCmdStatus
 .text.DMA_GetFlagStatus
                0x0800042c       0x78 ..\obj\stm32f4xx_dma.o
                0x0800042c                DMA_GetFlagStatus
 .text.DMA_ClearFlag
                0x080004a4       0x5c ..\obj\stm32f4xx_dma.o
                0x080004a4                DMA_ClearFlag
 .text.SPI2_IRQHandler
                0x08000500       0x8c ..\obj\waverecorder2.o
                0x08000500                SPI2_IRQHandler
 .text.SPI_I2S_ReceiveData
                0x0800058c       0x1c ..\obj\stm32f4xx_spi.o
                0x0800058c                SPI_I2S_ReceiveData
 .text.SPI_I2S_GetFlagStatus
                0x080005a8       0x38 ..\obj\stm32f4xx_spi.o
                0x080005a8                SPI_I2S_GetFlagStatus
 .text.SPI_I2S_GetITStatus
                0x080005e0       0x78 ..\obj\stm32f4xx_spi.o
                0x080005e0                SPI_I2S_GetITStatus
 .text.PDM_Filter_64_LSB
                0x08000658      0x2e4 ..\..\..\STM32F4-Discovery\libpdmfilter_gcc.a(pdm_filter.o)
                0x08000658                PDM_Filter_64_LSB
 *(.glue_7t)
 .glue_7t       0x00000000        0x0 linker stubs
 *(.glue_7)
 .glue_7        0x00000000        0x0 linker stubs
 *(.rodata .rodata* .gnu.linkonce.r.*)

.vfp11_veneer   0x0800093c        0x0
 .vfp11_veneer  0x00000000        0x0 linker stubs

.v4_bx          0x0800093c        0x0
 .v4_bx         0x00000000        0x0 linker stubs

.iplt           0x0800093c        0x0
 .iplt          0x00000000        0x0 ..\obj\stm32f4xx_syscfg.o

.rel.dyn        0x0800093c        0x0
 .rel.iplt      0x00000000        0x0 ..\obj\stm32f4xx_syscfg.o

.ARM.extab
 *(.ARM.extab* .gnu.linkonce.armextab.*)
                0x0800093c                __exidx_start = .

.ARM.exidx
 *(.ARM.exidx* .gnu.linkonce.armexidx.*)
                0x0800093c                __exidx_end = .
                0x0800093c                . = ALIGN (0x4)
                0x0800093c                _etext = .
                0x0800093c                _sidata = .

.data           0x20000000      0x334 load address 0x0800093c
                0x20000000                _sdata = .
 *(.data .data.*)
 .data          0x20000000       0x34 ..\obj\stm32f4_discovery_audio_codec.o
                0x20000000                AudioTotalSize
                0x20000004                AudioRemSize
                0x20000008                CODECTimeout
                0x2000000c                CurrAudioInterface
                0x20000010                AUDIO_MAL_DMA_CLOCK
                0x20000014                AUDIO_MAL_DMA_STREAM
                0x20000018                AUDIO_MAL_DMA_DREG
                0x2000001c                AUDIO_MAL_DMA_IRQ
                0x20000020                AUDIO_MAL_DMA_FLAG_TC
                0x20000024                AUDIO_MAL_DMA_FLAG_HT
                0x20000028                AUDIO_MAL_DMA_FLAG_FE
                0x2000002c                AUDIO_MAL_DMA_FLAG_TE
                0x20000030                AUDIO_MAL_DMA_FLAG_DME
 .data.T0       0x20000034      0x100 ..\..\..\STM32F4-Discovery\libpdmfilter_gcc.a(pdm_filter.o)
                0x20000034                T0
 .data.T1       0x20000134      0x100 ..\..\..\STM32F4-Discovery\libpdmfilter_gcc.a(pdm_filter.o)
                0x20000134                T1
 .data.T2       0x20000234      0x100 ..\..\..\STM32F4-Discovery\libpdmfilter_gcc.a(pdm_filter.o)
                0x20000234                T2
                0x20000334                . = ALIGN (0x4)
                0x20000334                _edata = .

.igot.plt       0x20000334        0x0 load address 0x08000c70
 .igot.plt      0x00000000        0x0 ..\obj\stm32f4xx_syscfg.o

.bss            0x20000334      0x3a8 load address 0x08000c70
                0x20000334                _sbss = .
 *(.bss .bss.*)
 .bss           0x20000334       0x9c ..\obj\waverecorder2.o
                0x20000334                buf_idx
                0x20000336                buf_idx1
                0x20000338                counter
                0x2000033a                WaveRecStatus
                0x20000340                Switch
                0x20000344                Data_Status
                0x20000348                AudioRecCurrSize
 .bss.stm32_crc
                0x200003d0        0x4 ..\..\..\STM32F4-Discovery\libpdmfilter_gcc.a(pdm_filter.o)
                0x200003d0                stm32_crc
 *(COMMON)
 COMMON         0x200003d4       0x7c ..\obj\stm32f4_discovery_audio_codec.o
                0x200003d4                CurrentPos
                0x200003d8                AUDIO_MAL_DMA_InitStructure
                0x20000414                DMA_InitStructure
 COMMON         0x20000450      0x289 ..\obj\waverecorder2.o
                0x20000450                bytesWritten
                0x20000452                Time_Rec_Base
                0x20000454                writebuffer
                0x20000458                pAudioRecBuf
                0x2000045c                LED_Toggle
                0x20000460                RecBuf1
                0x20000480                RecBuf
                0x200004a0                Filter
                0x200004d4                RecBufHeader
                0x200006d4                WaveCounter
                0x200006d8                Command_index
                0x200006dc                . = ALIGN (0x4)
 *fill*         0x200006d9        0x3 
                0x200006dc                _ebss = .

.co_stack       0x200006dc      0x804 load address 0x08001018
                0x200006e0                . = ALIGN (0x8)
 *fill*         0x200006dc        0x4 
 *(.co_stack .co_stack.*)
 .co_stack      0x200006e0      0x800 ..\obj\startup_stm32f4xx.o
                0x200006e0                pulStack
                0x20000ee0                . = ALIGN (0x4)
                0x20000ee0                _end = .
LOAD ..\obj\stm32f4xx_syscfg.o
LOAD ..\obj\stm32f4xx_sdio.o
LOAD ..\obj\stm32f4_discovery_audio_codec.o
LOAD ..\obj\stm32f4xx_usart.o
LOAD ..\obj\stm32f4xx_pwr.o
LOAD ..\obj\stm32f4xx_dac.o
LOAD ..\obj\startup_stm32f4xx.o
LOAD ..\obj\stm32f4_discovery.o
LOAD ..\obj\stm32f4xx_rcc.o
LOAD ..\obj\stm32f4xx_adc.o
LOAD ..\obj\stm32f4xx_gpio.o
LOAD ..\obj\main2.o
LOAD ..\obj\system_stm32f4xx.o
LOAD ..\obj\stm32f4xx_dma.o
LOAD ..\obj\waverecorder2.o
LOAD ..\obj\stm32f4xx_spi.o
LOAD ..\obj\stm32f4xx_i2c.o
LOAD ..\obj\stm32f4xx_exti.o
LOAD ..\obj\misc.o
LOAD ..\obj\stm32f4_discovery_lis302dl.o
LOAD ..\obj\stm32f4xx_tim.o
LOAD ..\..\..\STM32F4-Discovery\libpdmfilter_gcc.a
START GROUP
LOAD c:/program files (x86)/gnu tools arm embedded/4.8 2013q4/bin/../lib/gcc/arm-none-eabi/4.8.3/armv7e-m\libgcc.a
LOAD c:/program files (x86)/gnu tools arm embedded/4.8 2013q4/bin/../lib/gcc/arm-none-eabi/4.8.3/../../../../arm-none-eabi/lib/armv7e-m\libg.a
LOAD c:/program files (x86)/gnu tools arm embedded/4.8 2013q4/bin/../lib/gcc/arm-none-eabi/4.8.3/../../../../arm-none-eabi/lib/armv7e-m\libc.a
END GROUP
OUTPUT(micro_test.elf elf32-littlearm)

.debug_info     0x00000000     0x2f58
 .debug_info    0x00000000     0x1044 ..\obj\stm32f4_discovery_audio_codec.o
 .debug_info    0x00001044       0xed ..\obj\startup_stm32f4xx.o
 .debug_info    0x00001131       0x3e ..\obj\main2.o
 .debug_info    0x0000116f      0x718 ..\obj\stm32f4xx_dma.o
 .debug_info    0x00001887      0xbf6 ..\obj\waverecorder2.o
 .debug_info    0x0000247d      0xadb ..\obj\stm32f4xx_spi.o

.debug_abbrev   0x00000000      0x80d
 .debug_abbrev  0x00000000      0x256 ..\obj\stm32f4_discovery_audio_codec.o
 .debug_abbrev  0x00000256       0xb0 ..\obj\startup_stm32f4xx.o
 .debug_abbrev  0x00000306       0x37 ..\obj\main2.o
 .debug_abbrev  0x0000033d      0x155 ..\obj\stm32f4xx_dma.o
 .debug_abbrev  0x00000492      0x214 ..\obj\waverecorder2.o
 .debug_abbrev  0x000006a6      0x167 ..\obj\stm32f4xx_spi.o

.debug_aranges  0x00000000      0x368
 .debug_aranges
                0x00000000      0x130 ..\obj\stm32f4_discovery_audio_codec.o
 .debug_aranges
                0x00000130       0x28 ..\obj\startup_stm32f4xx.o
 .debug_aranges
                0x00000158       0x20 ..\obj\main2.o
 .debug_aranges
                0x00000178       0xb0 ..\obj\stm32f4xx_dma.o
 .debug_aranges
                0x00000228       0x60 ..\obj\waverecorder2.o
 .debug_aranges
                0x00000288       0xe0 ..\obj\stm32f4xx_spi.o

.debug_ranges   0x00000000      0x308
 .debug_ranges  0x00000000      0x120 ..\obj\stm32f4_discovery_audio_codec.o
 .debug_ranges  0x00000120       0x18 ..\obj\startup_stm32f4xx.o
 .debug_ranges  0x00000138       0x10 ..\obj\main2.o
 .debug_ranges  0x00000148       0xa0 ..\obj\stm32f4xx_dma.o
 .debug_ranges  0x000001e8       0x50 ..\obj\waverecorder2.o
 .debug_ranges  0x00000238       0xd0 ..\obj\stm32f4xx_spi.o

.debug_line     0x00000000     0x1223
 .debug_line    0x00000000      0x69d ..\obj\stm32f4_discovery_audio_codec.o
 .debug_line    0x0000069d       0x9e ..\obj\startup_stm32f4xx.o
 .debug_line    0x0000073b       0x5f ..\obj\main2.o
 .debug_line    0x0000079a      0x374 ..\obj\stm32f4xx_dma.o
 .debug_line    0x00000b0e      0x32b ..\obj\waverecorder2.o
 .debug_line    0x00000e39      0x3ea ..\obj\stm32f4xx_spi.o

.debug_str      0x00000000     0x1970
 .debug_str     0x00000000      0xfc6 ..\obj\stm32f4_discovery_audio_codec.o
                               0x1045 (size before relaxing)
 .debug_str     0x00000fc6       0xad ..\obj\startup_stm32f4xx.o
                                0x144 (size before relaxing)
 .debug_str     0x00001073       0x32 ..\obj\main2.o
                                 0xae (size before relaxing)
 .debug_str     0x000010a5      0x28b ..\obj\stm32f4xx_dma.o
                                0x51f (size before relaxing)
 .debug_str     0x00001330      0x322 ..\obj\waverecorder2.o
                                0xcd0 (size before relaxing)
 .debug_str     0x00001652      0x31e ..\obj\stm32f4xx_spi.o
                                0x65d (size before relaxing)

.comment        0x00000000       0xd1
 .comment       0x00000000       0x70 ..\obj\stm32f4_discovery_audio_codec.o
                                 0x71 (size before relaxing)
 .comment       0x00000000       0x71 ..\obj\startup_stm32f4xx.o
 .comment       0x00000000       0x71 ..\obj\main2.o
 .comment       0x00000000       0x71 ..\obj\stm32f4xx_dma.o
 .comment       0x00000000       0x71 ..\obj\waverecorder2.o
 .comment       0x00000000       0x71 ..\obj\stm32f4xx_spi.o
 .comment       0x00000070       0x61 ..\..\..\STM32F4-Discovery\libpdmfilter_gcc.a(pdm_filter.o)
                                 0x62 (size before relaxing)

.ARM.attributes
                0x00000000       0x33
 .ARM.attributes
                0x00000000       0x33 ..\obj\stm32f4_discovery_audio_codec.o
 .ARM.attributes
                0x00000033       0x33 ..\obj\startup_stm32f4xx.o
 .ARM.attributes
                0x00000066       0x33 ..\obj\main2.o
 .ARM.attributes
                0x00000099       0x33 ..\obj\stm32f4xx_dma.o
 .ARM.attributes
                0x000000cc       0x33 ..\obj\waverecorder2.o
 .ARM.attributes
                0x000000ff       0x33 ..\obj\stm32f4xx_spi.o
 .ARM.attributes
                0x00000132       0x31 ..\..\..\STM32F4-Discovery\libpdmfilter_gcc.a(pdm_filter.o)

.debug_frame    0x00000000      0xac0
 .debug_frame   0x00000000      0x438 ..\obj\stm32f4_discovery_audio_codec.o
 .debug_frame   0x00000438       0x48 ..\obj\startup_stm32f4xx.o
 .debug_frame   0x00000480       0x28 ..\obj\main2.o
 .debug_frame   0x000004a8      0x224 ..\obj\stm32f4xx_dma.o
 .debug_frame   0x000006cc      0x124 ..\obj\waverecorder2.o
 .debug_frame   0x000007f0      0x2d0 ..\obj\stm32f4xx_spi.o
